127.0.0.1 - - [16/Jun/2019:16:46:43 +0100] "GET / HTTP/1.1" 404 1074
127.0.0.1 - - [16/Jun/2019:16:48:26 +0100] "GET / HTTP/1.1" 404 1074
127.0.0.1 - - [16/Jun/2019:17:53:30 +0100] "GET / HTTP/1.1" 404 1074
0:0:0:0:0:0:0:1 - - [16/Jun/2019:17:53:44 +0100] "GET /failte/search/employee/Ma HTTP/1.1" 200 131
0:0:0:0:0:0:0:1 - - [16/Jun/2019:17:53:44 +0100] "GET /favicon.ico HTTP/1.1" 404 1085
0:0:0:0:0:0:0:1 - - [16/Jun/2019:17:54:18 +0100] "GET /failte/createemployee HTTP/1.1" 200 144
127.0.0.1 - - [16/Jun/2019:17:56:17 +0100] "GET / HTTP/1.1" 404 1074
0:0:0:0:0:0:0:1 - - [16/Jun/2019:17:56:26 +0100] "GET /failte/employee HTTP/1.1" 200 601
0:0:0:0:0:0:0:1 - - [16/Jun/2019:17:56:26 +0100] "GET /failte/employee HTTP/1.1" 200 601
0:0:0:0:0:0:0:1 - - [16/Jun/2019:17:56:39 +0100] "GET /failte/createemployee HTTP/1.1" 200 144
0:0:0:0:0:0:0:1 - - [16/Jun/2019:17:56:56 +0100] "GET /failte/createemployee HTTP/1.1" 200 144
0:0:0:0:0:0:0:1 - - [16/Jun/2019:17:58:00 +0100] "GET /failte/employee HTTP/1.1" 200 601
0:0:0:0:0:0:0:1 - - [16/Jun/2019:18:01:39 +0100] "GET /failte/employee HTTP/1.1" 200 601
127.0.0.1 - - [16/Jun/2019:18:03:29 +0100] "GET / HTTP/1.1" 404 1074
0:0:0:0:0:0:0:1 - - [16/Jun/2019:18:03:37 +0100] "GET /failte/employee HTTP/1.1" 200 601
0:0:0:0:0:0:0:1 - - [16/Jun/2019:18:05:53 +0100] "GET /failte/employee HTTP/1.1" 200 601
0:0:0:0:0:0:0:1 - - [16/Jun/2019:18:16:14 +0100] "GET /failte/employee HTTP/1.1" 200 601
0:0:0:0:0:0:0:1 - - [16/Jun/2019:18:16:40 +0100] "GET /failte/createemployee HTTP/1.1" 200 144
0:0:0:0:0:0:0:1 - - [16/Jun/2019:18:16:52 +0100] "GET /failte/createemployee/ HTTP/1.1" 200 144
127.0.0.1 - - [16/Jun/2019:18:17:31 +0100] "GET / HTTP/1.1" 404 1074
0:0:0:0:0:0:0:1 - - [16/Jun/2019:18:17:37 +0100] "GET /failte/createemployee HTTP/1.1" 200 144
0:0:0:0:0:0:0:1 - - [16/Jun/2019:18:18:43 +0100] "GET /failte/createemployee HTTP/1.1" 200 144
0:0:0:0:0:0:0:1 - - [16/Jun/2019:18:19:14 +0100] "GET /failte/createemployee HTTP/1.1" 200 144
0:0:0:0:0:0:0:1 - - [16/Jun/2019:18:21:20 +0100] "GET /failte/employee HTTP/1.1" 200 601
127.0.0.1 - - [16/Jun/2019:18:49:20 +0100] "GET / HTTP/1.1" 404 1074
0:0:0:0:0:0:0:1 - - [16/Jun/2019:18:49:50 +0100] "GET /failte/employee HTTP/1.1" 200 601
0:0:0:0:0:0:0:1 - - [16/Jun/2019:18:50:15 +0100] "GET /failtesearch/employee/Ma HTTP/1.1" 404 1106
0:0:0:0:0:0:0:1 - - [16/Jun/2019:18:50:38 +0100] "GET /failte/search/employee/Ma HTTP/1.1" 200 131
0:0:0:0:0:0:0:1 - - [16/Jun/2019:18:50:46 +0100] "GET /failte/search/employee/ HTTP/1.1" 200 144
0:0:0:0:0:0:0:1 - - [16/Jun/2019:18:55:54 +0100] "GET /failte/employee HTTP/1.1" 200 601
0:0:0:0:0:0:0:1 - - [16/Jun/2019:18:55:54 +0100] "GET /failte/employee HTTP/1.1" 200 601
0:0:0:0:0:0:0:1 - - [16/Jun/2019:18:56:58 +0100] "GET /failte/search?employee?employeeName HTTP/1.1" 200 144
0:0:0:0:0:0:0:1 - - [16/Jun/2019:18:57:28 +0100] "GET /failte/search/employee?employeeName= HTTP/1.1" 200 144
0:0:0:0:0:0:0:1 - - [16/Jun/2019:18:57:31 +0100] "GET /failte/search/employee?employeeName= HTTP/1.1" 200 144
0:0:0:0:0:0:0:1 - - [16/Jun/2019:18:57:35 +0100] "GET /failte/search/employee?employeeName=M HTTP/1.1" 200 144
0:0:0:0:0:0:0:1 - - [16/Jun/2019:18:58:08 +0100] "GET /failte/search/employee HTTP/1.1" 200 144
0:0:0:0:0:0:0:1 - - [16/Jun/2019:18:58:38 +0100] "GET /failte/search/employee?= HTTP/1.1" 200 144
0:0:0:0:0:0:0:1 - - [16/Jun/2019:18:59:01 +0100] "GET /failte/search/employee?= HTTP/1.1" 200 144
0:0:0:0:0:0:0:1 - - [16/Jun/2019:18:59:17 +0100] "GET /failte/search/employee?= HTTP/1.1" 200 144
0:0:0:0:0:0:0:1 - - [16/Jun/2019:18:59:34 +0100] "GET /failte/search/employee?employeeName=Ma HTTP/1.1" 200 144
127.0.0.1 - - [16/Jun/2019:19:00:39 +0100] "GET / HTTP/1.1" 404 1074
0:0:0:0:0:0:0:1 - - [16/Jun/2019:19:00:40 +0100] "GET /failte/search/employee HTTP/1.1" 200 144
0:0:0:0:0:0:0:1 - - [16/Jun/2019:19:01:00 +0100] "GET /failte/search/employee/M HTTP/1.1" 200 131
0:0:0:0:0:0:0:1 - - [16/Jun/2019:19:02:33 +0100] "GET /failte/search/employee/M HTTP/1.1" 200 -
0:0:0:0:0:0:0:1 - - [16/Jun/2019:19:06:14 +0100] "GET /failte/search/employee/M HTTP/1.1" 500 2242
0:0:0:0:0:0:0:1 - - [16/Jun/2019:19:06:44 +0100] "GET /failte/search/employee/1 HTTP/1.1" 200 12
0:0:0:0:0:0:0:1 - - [16/Jun/2019:19:07:53 +0100] "GET /failte/search/employee/M HTTP/1.1" 200 131
0:0:0:0:0:0:0:1 - - [16/Jun/2019:19:13:58 +0100] "GET /failte/search/employee/M HTTP/1.1" 200 131
0:0:0:0:0:0:0:1 - - [16/Jun/2019:19:14:16 +0100] "GET /failte/search/employee/1 HTTP/1.1" 200 12
0:0:0:0:0:0:0:1 - - [16/Jun/2019:19:15:36 +0100] "GET /failte/search/employee/M HTTP/1.1" 200 131
0:0:0:0:0:0:0:1 - - [16/Jun/2019:19:16:13 +0100] "GET /failte/search/employee/M HTTP/1.1" 200 131
0:0:0:0:0:0:0:1 - - [16/Jun/2019:19:16:59 +0100] "GET /failte/search/employee/M HTTP/1.1" 200 131
0:0:0:0:0:0:0:1 - - [16/Jun/2019:19:17:19 +0100] "GET /failte/search/employee/1 HTTP/1.1" 200 12
0:0:0:0:0:0:0:1 - - [16/Jun/2019:19:18:01 +0100] "GET /failte/search/employee/m HTTP/1.1" 500 4092
0:0:0:0:0:0:0:1 - - [16/Jun/2019:19:18:28 +0100] "GET /failte/search/employee/m HTTP/1.1" 500 4092
127.0.0.1 - - [16/Jun/2019:19:20:38 +0100] "GET / HTTP/1.1" 404 1074
0:0:0:0:0:0:0:1 - - [16/Jun/2019:19:21:26 +0100] "GET /failte/search/employee/m HTTP/1.1" 200 -
127.0.0.1 - - [16/Jun/2019:19:27:50 +0100] "GET / HTTP/1.1" 404 1074
0:0:0:0:0:0:0:1 - - [16/Jun/2019:19:28:26 +0100] "GET /failte/search/employee/m HTTP/1.1" 200 131
0:0:0:0:0:0:0:1 - - [16/Jun/2019:19:28:41 +0100] "GET /failte/search/employee/m HTTP/1.1" 200 131
0:0:0:0:0:0:0:1 - - [16/Jun/2019:19:29:00 +0100] "GET /failte/search/employee/1 HTTP/1.1" 200 12
127.0.0.1 - - [16/Jun/2019:19:53:07 +0100] "GET / HTTP/1.1" 404 1074
127.0.0.1 - - [16/Jun/2019:19:55:03 +0100] "GET / HTTP/1.1" 404 1074
0:0:0:0:0:0:0:1 - - [16/Jun/2019:19:55:55 +0100] "DELETE /failte/deleteemployee/5 HTTP/1.1" 200 132
0:0:0:0:0:0:0:1 - - [16/Jun/2019:19:56:15 +0100] "DELETE /failte/employee HTTP/1.1" 405 1117
0:0:0:0:0:0:0:1 - - [16/Jun/2019:19:56:25 +0100] "DELETE /failte/employee HTTP/1.1" 405 1117
0:0:0:0:0:0:0:1 - - [16/Jun/2019:19:56:31 +0100] "GET /failte/employee HTTP/1.1" 200 601
0:0:0:0:0:0:0:1 - - [16/Jun/2019:19:57:18 +0100] "GET /failte/employee HTTP/1.1" 200 601
127.0.0.1 - - [16/Jun/2019:19:59:18 +0100] "GET / HTTP/1.1" 404 1074
0:0:0:0:0:0:0:1 - - [16/Jun/2019:20:00:34 +0100] "DELETE /failte/deleteemployee/5 HTTP/1.1" 500 10340
0:0:0:0:0:0:0:1 - - [16/Jun/2019:20:05:37 +0100] "DELETE /failte/deleteemployee/5 HTTP/1.1" 500 10340
0:0:0:0:0:0:0:1 - - [16/Jun/2019:20:07:05 +0100] "DELETE /failte/deleteemployee/5 HTTP/1.1" 500 4795
127.0.0.1 - - [16/Jun/2019:20:09:09 +0100] "GET / HTTP/1.1" 404 1074
0:0:0:0:0:0:0:1 - - [16/Jun/2019:20:09:18 +0100] "DELETE /failte/deleteemployee/5 HTTP/1.1" 500 9987
0:0:0:0:0:0:0:1 - - [16/Jun/2019:20:11:02 +0100] "GET /failte/employee HTTP/1.1" 500 2242
0:0:0:0:0:0:0:1 - - [16/Jun/2019:20:11:05 +0100] "DELETE /failte/deleteemployee/5 HTTP/1.1" 500 2242
0:0:0:0:0:0:0:1 - - [16/Jun/2019:20:11:28 +0100] "DELETE /failte/deleteemployee/5 HTTP/1.1" 500 11988
0:0:0:0:0:0:0:1 - - [16/Jun/2019:20:12:27 +0100] "DELETE /failte/deleteemployee/5 HTTP/1.1" 500 6201
0:0:0:0:0:0:0:1 - - [16/Jun/2019:20:12:57 +0100] "DELETE /failte/deleteemployee/5 HTTP/1.1" 500 6203
127.0.0.1 - - [16/Jun/2019:20:16:15 +0100] "GET / HTTP/1.1" 404 1074
0:0:0:0:0:0:0:1 - - [16/Jun/2019:20:16:24 +0100] "DELETE /failte/deleteemployee/5 HTTP/1.1" 500 6201
127.0.0.1 - - [16/Jun/2019:20:17:55 +0100] "GET / HTTP/1.1" 404 1074
0:0:0:0:0:0:0:1 - - [16/Jun/2019:20:17:59 +0100] "DELETE /failte/deleteemployee/5 HTTP/1.1" 500 11992
0:0:0:0:0:0:0:1 - - [16/Jun/2019:20:18:35 +0100] "GET /failte/employee HTTP/1.1" 200 601
0:0:0:0:0:0:0:1 - - [16/Jun/2019:20:18:52 +0100] "DELETE /failte/deleteemployee/5 HTTP/1.1" 500 11992
127.0.0.1 - - [16/Jun/2019:20:20:26 +0100] "GET / HTTP/1.1" 404 1074
127.0.0.1 - - [16/Jun/2019:20:28:01 +0100] "GET / HTTP/1.1" 404 1074
0:0:0:0:0:0:0:1 - - [16/Jun/2019:20:28:15 +0100] "DELETE /failte/deleteemployee/5 HTTP/1.1" 500 6201
127.0.0.1 - - [16/Jun/2019:20:30:33 +0100] "GET / HTTP/1.1" 404 1074
0:0:0:0:0:0:0:1 - - [16/Jun/2019:20:31:20 +0100] "DELETE /failte/deleteemployee/5 HTTP/1.1" 500 6344
127.0.0.1 - - [16/Jun/2019:21:16:07 +0100] "GET / HTTP/1.1" 404 1074
0:0:0:0:0:0:0:1 - - [16/Jun/2019:21:16:44 +0100] "POST /failte/createemployee HTTP/1.1" 405 1115
0:0:0:0:0:0:0:1 - - [16/Jun/2019:21:17:32 +0100] "POST /failte/createemployee HTTP/1.1" 405 1115
0:0:0:0:0:0:0:1 - - [16/Jun/2019:21:18:14 +0100] "POST /failte/createemployee/ HTTP/1.1" 500 4056
0:0:0:0:0:0:0:1 - - [16/Jun/2019:21:19:49 +0100] "POST /failte/createemployee/ HTTP/1.1" 500 4056
0:0:0:0:0:0:0:1 - - [16/Jun/2019:21:20:51 +0100] "POST /failte/createemployee/ HTTP/1.1" 500 2242
127.0.0.1 - - [16/Jun/2019:21:21:49 +0100] "GET / HTTP/1.1" 404 1074
127.0.0.1 - - [16/Jun/2019:21:23:21 +0100] "GET / HTTP/1.1" 404 1074
0:0:0:0:0:0:0:1 - - [16/Jun/2019:21:23:39 +0100] "POST /failte/createemployee/ HTTP/1.1" 500 5784
127.0.0.1 - - [16/Jun/2019:21:24:56 +0100] "GET / HTTP/1.1" 404 1074
127.0.0.1 - - [16/Jun/2019:21:27:58 +0100] "GET / HTTP/1.1" 404 1074
0:0:0:0:0:0:0:1 - - [16/Jun/2019:21:28:31 +0100] "POST /failte/createemployee/?employeeName=ma&employeeId=7&departmentId=1&telephoneNo=7836487236874&email=jadsjkash HTTP/1.1" 500 5784
127.0.0.1 - - [16/Jun/2019:21:34:59 +0100] "GET / HTTP/1.1" 404 1074
0:0:0:0:0:0:0:1 - - [16/Jun/2019:21:35:17 +0100] "POST /failte/createemployee/?employeeName=ma&employeeId=7&departmentId=1&telephoneNo=7836487236874&email=jadsjkash HTTP/1.1" 500 5784
127.0.0.1 - - [16/Jun/2019:21:37:18 +0100] "GET / HTTP/1.1" 404 1074
0:0:0:0:0:0:0:1 - - [16/Jun/2019:21:37:26 +0100] "POST /failte/createemployee/?employeeName=ma&employeeId=7&departmentId=1&telephoneNo=7836487236874&email=jadsjkash HTTP/1.1" 500 5784
0:0:0:0:0:0:0:1 - - [16/Jun/2019:21:38:44 +0100] "POST /failte/createemployee/?employeeName=ma&employeeId=7&departmentId=1&telephoneNo=7836487236874&email=jadsjkash HTTP/1.1" 500 2242
0:0:0:0:0:0:0:1 - - [16/Jun/2019:21:39:25 +0100] "POST /failte/createemployee/?employeeName=ma&employeeId=7&departmentId=1&telephoneNo=7836487236874&email=jadsjkash HTTP/1.1" 200 -
